current directory: /Users/kokidate/projects/git-app_test/vendor/bundle/ruby/3.2.0/gems/psych-5.2.6/ext/psych
/Users/kokidate/.rbenv/versions/3.2.0/bin/ruby -I /Users/kokidate/.rbenv/versions/3.2.0/lib/ruby/3.2.0 extconf.rb
checking for yaml.h... yes
checking for yaml_get_version() in -lyaml... yes
creating Makefile

current directory: /Users/kokidate/projects/git-app_test/vendor/bundle/ruby/3.2.0/gems/psych-5.2.6/ext/psych
make DESTDIR\= sitearchdir\=./.gem.20250629-1790-juzcbo sitelibdir\=./.gem.20250629-1790-juzcbo clean
cd libyaml && /Library/Developer/CommandLineTools/usr/bin/make clean
/bin/sh: line 0: cd: libyaml: No such file or directory
make: [clean-so] Error 1 (ignored)

current directory: /Users/kokidate/projects/git-app_test/vendor/bundle/ruby/3.2.0/gems/psych-5.2.6/ext/psych
make DESTDIR\= sitearchdir\=./.gem.20250629-1790-juzcbo sitelibdir\=./.gem.20250629-1790-juzcbo
compiling psych.c
compiling psych_emitter.c
compiling psych_parser.c
compiling psych_to_ruby.c
compiling psych_yaml_tree.c
linking shared-object psych.bundle
ld: warning: ignoring duplicate libraries: '-lruby.3.2', '-lyaml'

current directory: /Users/kokidate/projects/git-app_test/vendor/bundle/ruby/3.2.0/gems/psych-5.2.6/ext/psych
make DESTDIR\= sitearchdir\=./.gem.20250629-1790-juzcbo sitelibdir\=./.gem.20250629-1790-juzcbo install
/usr/bin/install -c -m 0755 psych.bundle ./.gem.20250629-1790-juzcbo

current directory: /Users/kokidate/projects/git-app_test/vendor/bundle/ruby/3.2.0/gems/psych-5.2.6/ext/psych
make DESTDIR\= sitearchdir\=./.gem.20250629-1790-juzcbo sitelibdir\=./.gem.20250629-1790-juzcbo clean
cd libyaml && /Library/Developer/CommandLineTools/usr/bin/make clean
/bin/sh: line 0: cd: libyaml: No such file or directory
make: [clean-so] Error 1 (ignored)
