current directory: /Users/kokidate/projects/git-app_test/vendor/bundle/ruby/3.2.0/gems/date-3.4.1/ext/date
/Users/kokidate/.rbenv/versions/3.2.0/bin/ruby -I /Users/kokidate/.rbenv/versions/3.2.0/lib/ruby/3.2.0 extconf.rb
checking for rb_category_warn()... yes
checking for timezone in time.h with  -Werror... yes
checking for altzone in time.h with  -Werror... no
creating Makefile

current directory: /Users/kokidate/projects/git-app_test/vendor/bundle/ruby/3.2.0/gems/date-3.4.1/ext/date
make DESTDIR\= sitearchdir\=./.gem.20250629-1790-t9jcb1 sitelibdir\=./.gem.20250629-1790-t9jcb1 clean

current directory: /Users/kokidate/projects/git-app_test/vendor/bundle/ruby/3.2.0/gems/date-3.4.1/ext/date
make DESTDIR\= sitearchdir\=./.gem.20250629-1790-t9jcb1 sitelibdir\=./.gem.20250629-1790-t9jcb1
compiling date_core.c
compiling date_parse.c
compiling date_strftime.c
compiling date_strptime.c
linking shared-object date_core.bundle
ld: warning: ignoring duplicate libraries: '-lruby.3.2'

current directory: /Users/kokidate/projects/git-app_test/vendor/bundle/ruby/3.2.0/gems/date-3.4.1/ext/date
make DESTDIR\= sitearchdir\=./.gem.20250629-1790-t9jcb1 sitelibdir\=./.gem.20250629-1790-t9jcb1 install
/usr/bin/install -c -m 0755 date_core.bundle ./.gem.20250629-1790-t9jcb1

current directory: /Users/kokidate/projects/git-app_test/vendor/bundle/ruby/3.2.0/gems/date-3.4.1/ext/date
make DESTDIR\= sitearchdir\=./.gem.20250629-1790-t9jcb1 sitelibdir\=./.gem.20250629-1790-t9jcb1 clean
