current directory: /Users/kokidate/projects/git-app_test/vendor/bundle/ruby/3.2.0/gems/rbs-3.9.4/ext/rbs_extension
/Users/kokidate/.rbenv/versions/3.2.0/bin/ruby -I /Users/kokidate/.rbenv/versions/3.2.0/lib/ruby/3.2.0 extconf.rb
/Users/kokidate/.rbenv/versions/3.2.0/bin/ruby: warning: Ruby was built without YJIT support. You may need to install rustc to build Ruby with YJIT.
checking for whether -std=gnu99 is accepted as CFLAGS... yes
creating Makefile

current directory: /Users/kokidate/projects/git-app_test/vendor/bundle/ruby/3.2.0/gems/rbs-3.9.4/ext/rbs_extension
make DESTDIR\= sitearchdir\=./.gem.20250629-6326-3i33v1 sitelibdir\=./.gem.20250629-6326-3i33v1 clean

current directory: /Users/kokidate/projects/git-app_test/vendor/bundle/ruby/3.2.0/gems/rbs-3.9.4/ext/rbs_extension
make DESTDIR\= sitearchdir\=./.gem.20250629-6326-3i33v1 sitelibdir\=./.gem.20250629-6326-3i33v1
compiling ./../../src/constants.c
compiling ./../../src/ruby_objs.c
compiling ./../../src/util/rbs_constant_pool.c
compiling lexer.c
compiling lexstate.c
compiling location.c
compiling main.c
compiling parser.c
compiling parserstate.c
compiling unescape.c
linking shared-object rbs_extension.bundle
ld: warning: ignoring duplicate libraries: '-lruby.3.2'

current directory: /Users/kokidate/projects/git-app_test/vendor/bundle/ruby/3.2.0/gems/rbs-3.9.4/ext/rbs_extension
make DESTDIR\= sitearchdir\=./.gem.20250629-6326-3i33v1 sitelibdir\=./.gem.20250629-6326-3i33v1 install
/usr/bin/install -c -m 0755 rbs_extension.bundle ./.gem.20250629-6326-3i33v1

current directory: /Users/kokidate/projects/git-app_test/vendor/bundle/ruby/3.2.0/gems/rbs-3.9.4/ext/rbs_extension
make DESTDIR\= sitearchdir\=./.gem.20250629-6326-3i33v1 sitelibdir\=./.gem.20250629-6326-3i33v1 clean
